Temporum Test Report - 2025-09-29T20:21:51.935Z

----------------------------------------
Test: Simple AI Visit Zone Test
Result: FAIL

FAIL: Test "Simple AI Visit Zone Test" timed out after 30 seconds.

